Source: packages/sdk/src/journal-budgeted-reads.ts
Original SHA256: 668d4d45dd732da1c653985dda4c2c3ddb115dab7462c0c1187c3e820f779b6a
Replaced:
return await reader.requestOnce(verb, params, remaining, attemptSignal);
With:
return await this.primary.requestOnce(verb, params, remaining, attemptSignal);

REVERTED
$ cd packages/sdk && npx vitest run tests/journal-client-read-timeout.test.ts -t 'serves a bounded read' --maxWorkers=1 --minWorkers=1

 RUN  v2.1.9 /home/khaliqgant/Projects/AgentWorkforce/flows-worktrees/pr613/packages/sdk

 ❯ tests/journal-client-read-timeout.test.ts (27 tests | 1 failed | 26 skipped) 113ms
   × serves a bounded read while an unbounded command is in flight 112ms
     → expected true to be false // Object.is equality

⎯⎯⎯⎯⎯⎯⎯ Failed Tests 1 ⎯⎯⎯⎯⎯⎯⎯

 FAIL  tests/journal-client-read-timeout.test.ts > serves a bounded read while an unbounded command is in flight
AssertionError: expected true to be false // Object.is equality

- Expected
+ Received

- false
+ true

 ❯ tests/journal-client-read-timeout.test.ts:38:23
     36|   await inFlight;
     37|   expect(await client.runGet('run')).toMatchObject({ status: 'running'…
     38|   expect(commandDone).toBe(false);
       |                       ^
     39|   await command;
     40| });

⎯⎯⎯⎯⎯⎯⎯⎯⎯⎯⎯⎯⎯⎯⎯⎯⎯⎯⎯⎯⎯⎯⎯⎯[1/1]⎯

 Test Files  1 failed (1)
      Tests  1 failed | 26 skipped (27)
   Start at  05:17:43
   Duration  562ms (transform 168ms, setup 14ms, collect 296ms, tests 113ms, environment 0ms, prepare 40ms)

exit=1

RESTORED SHA256: 668d4d45dd732da1c653985dda4c2c3ddb115dab7462c0c1187c3e820f779b6a
$ cd packages/sdk && npx vitest run tests/journal-client-read-timeout.test.ts -t 'serves a bounded read' --maxWorkers=1 --minWorkers=1

 RUN  v2.1.9 /home/khaliqgant/Projects/AgentWorkforce/flows-worktrees/pr613/packages/sdk

 ✓ tests/journal-client-read-timeout.test.ts (27 tests | 26 skipped) 107ms

 Test Files  1 passed (1)
      Tests  1 passed | 26 skipped (27)
   Start at  05:17:44
   Duration  568ms (transform 170ms, setup 15ms, collect 297ms, tests 107ms, environment 0ms, prepare 41ms)

exit=0
