Source: packages/sdk/src/authored-root.ts
Original SHA256: 8ab20a03c6def62800d2ef8a49932ec616a3b1c1fcd48c4aff9fa80437bcb35c
Replaced:
    if (isReadInterruptionError(error)
      || (error instanceof AuthoredFlowExecutionError && error.code === 'daemon_unresponsive')) {
      const parked = new AuthoredFlowExecutionError('daemon_unresponsive',
        `${error.message}. The run remains resumable. Continue with: ${resumeCommand(dispatch.run_id, options.dataDir, options.localAgentStream !== undefined)}.`);
      parked.rootRunId = dispatch.run_id;
      throw parked;
    }

With:


REVERTED
$ cd packages/sdk && npx vitest run tests/authored-root.test.ts -t 'leaves the root resumable' --maxWorkers=1 --minWorkers=1

 RUN  v2.1.9 /home/khaliqgant/Projects/AgentWorkforce/flows-worktrees/pr613/packages/sdk

 ❯ tests/authored-root.test.ts (30 tests | 3 failed | 27 skipped) 32ms
   × durable authored root > leaves the root resumable after a read timeout without waiting for redispatch (Node frame=false) 22ms
     → expected JournalRequestTimeoutError: journal clien… { …(5) } to match object { code: 'daemon_unresponsive', …(2) }
(6 matching properties omitted from actual)
   × durable authored root > leaves the root resumable after a read timeout without waiting for redispatch (Node frame=true) 4ms
     → expected AuthoredFlowExecutionError: daemon_unresp… { …(7) } to match object { code: 'daemon_unresponsive', …(2) }
(6 matching properties omitted from actual)
   × durable authored root > leaves the root resumable when the read session disconnects while the root worker is healthy 4ms
     → expected JournalReadInterruptedError: journal clie… { …(4) } to match object { code: 'daemon_unresponsive', …(2) }
(5 matching properties omitted from actual)

⎯⎯⎯⎯⎯⎯⎯ Failed Tests 3 ⎯⎯⎯⎯⎯⎯⎯

 FAIL  tests/authored-root.test.ts > durable authored root > leaves the root resumable after a read timeout without waiting for redispatch (Node frame=false)
AssertionError: expected JournalRequestTimeoutError: journal clien… { …(5) } to match object { code: 'daemon_unresponsive', …(2) }
(6 matching properties omitted from actual)

- Expected
+ Received

- Object {
-   "code": "daemon_unresponsive",
-   "message": StringContaining "flows resume",
-   "rootRunId": "root-run",
- }
+ [JournalRequestTimeoutError: journal client: run.get timed out after 10ms]

 ❯ tests/authored-root.test.ts:415:5
    413|     });
    414|     const journal = new RootJournal();
    415|     await expect(executeDurableAuthoredFlow(loaded, journal as unknown…
       |     ^
    416|       { dataDir: '/unused', admissionKey: 'read-timeout' })).rejects.t…
    417|         code: 'daemon_unresponsive', rootRunId: 'root-run', message: e…

⎯⎯⎯⎯⎯⎯⎯⎯⎯⎯⎯⎯⎯⎯⎯⎯⎯⎯⎯⎯⎯⎯⎯⎯[1/3]⎯

 FAIL  tests/authored-root.test.ts > durable authored root > leaves the root resumable after a read timeout without waiting for redispatch (Node frame=true)
AssertionError: expected AuthoredFlowExecutionError: daemon_unresp… { …(7) } to match object { code: 'daemon_unresponsive', …(2) }
(6 matching properties omitted from actual)

- Expected
+ Received

- Object {
+ AuthoredFlowExecutionError {
    "code": "daemon_unresponsive",
-   "message": StringContaining "flows resume",
    "rootRunId": "root-run",
  }

 ❯ tests/authored-root.test.ts:415:5
    413|     });
    414|     const journal = new RootJournal();
    415|     await expect(executeDurableAuthoredFlow(loaded, journal as unknown…
       |     ^
    416|       { dataDir: '/unused', admissionKey: 'read-timeout' })).rejects.t…
    417|         code: 'daemon_unresponsive', rootRunId: 'root-run', message: e…

⎯⎯⎯⎯⎯⎯⎯⎯⎯⎯⎯⎯⎯⎯⎯⎯⎯⎯⎯⎯⎯⎯⎯⎯[2/3]⎯

 FAIL  tests/authored-root.test.ts > durable authored root > leaves the root resumable when the read session disconnects while the root worker is healthy
AssertionError: expected JournalReadInterruptedError: journal clie… { …(4) } to match object { code: 'daemon_unresponsive', …(2) }
(5 matching properties omitted from actual)

- Expected
+ Received

- Object {
-   "code": "daemon_unresponsive",
-   "message": StringContaining "flows resume",
-   "rootRunId": "root-run",
- }
+ [JournalReadInterruptedError: journal client: run.get read session was interrupted after 2 attempts in 40ms (read budget 300000ms): journal client: connection closed]

 ❯ tests/authored-root.test.ts:428:5
    426|     const loaded = await fixture(false, 0, async () => { throw interru…
    427|     const journal = new RootJournal();
    428|     await expect(executeDurableAuthoredFlow(loaded, journal as unknown…
       |     ^
    429|       { dataDir: '/unused', admissionKey: 'read-disconnect' })).reject…
    430|         code: 'daemon_unresponsive', rootRunId: 'root-run', message: e…

⎯⎯⎯⎯⎯⎯⎯⎯⎯⎯⎯⎯⎯⎯⎯⎯⎯⎯⎯⎯⎯⎯⎯⎯[3/3]⎯

 Test Files  1 failed (1)
      Tests  3 failed | 27 skipped (30)
   Start at  03:35:51
   Duration  1.29s (transform 661ms, setup 15ms, collect 1.10s, tests 32ms, environment 0ms, prepare 40ms)

exit=1

RESTORED SHA256: 8ab20a03c6def62800d2ef8a49932ec616a3b1c1fcd48c4aff9fa80437bcb35c
$ cd packages/sdk && npx vitest run tests/authored-root.test.ts -t 'leaves the root resumable' --maxWorkers=1 --minWorkers=1

 RUN  v2.1.9 /home/khaliqgant/Projects/AgentWorkforce/flows-worktrees/pr613/packages/sdk

 ✓ tests/authored-root.test.ts (30 tests | 27 skipped) 23ms

 Test Files  1 passed (1)
      Tests  3 passed | 27 skipped (30)
   Start at  03:35:53
   Duration  1.27s (transform 658ms, setup 17ms, collect 1.10s, tests 23ms, environment 0ms, prepare 31ms)

exit=0
