Source: packages/sdk/src/journal-budgeted-reads.ts
Original SHA256: 668d4d45dd732da1c653985dda4c2c3ddb115dab7462c0c1187c3e820f779b6a
Replaced:
        this.drop(reader);

With:


REVERTED
$ cd packages/sdk && npx vitest run tests/journal-client-read-timeout.test.ts -t 'reconnects the reader after it disconnects' --maxWorkers=1 --minWorkers=1

 RUN  v2.1.9 /home/khaliqgant/Projects/AgentWorkforce/flows-worktrees/pr613/packages/sdk

 ❯ tests/journal-client-read-timeout.test.ts (27 tests | 1 failed | 26 skipped) 1012ms
   × reconnects the reader after it disconnects within the read budget 1011ms
     → journal client: run.get read session was interrupted after 78 attempts in 1000ms (read budget 1000ms): journal client: not connected (run.get): journal client: connection closed

⎯⎯⎯⎯⎯⎯⎯ Failed Tests 1 ⎯⎯⎯⎯⎯⎯⎯

 FAIL  tests/journal-client-read-timeout.test.ts > reconnects the reader after it disconnects within the read budget
JournalReadInterruptedError: journal client: run.get read session was interrupted after 78 attempts in 1000ms (read budget 1000ms): journal client: not connected (run.get): journal client: connection closed
 ❯ exhausted src/journal-read-policy.ts:71:9
     69|     let last: unknown;
     70|     const exhausted = () => last instanceof JournalReadInterruptedError
     71|       ? new JournalReadInterruptedError(verb, attempts, performance.no…
       |         ^
     72|       : new JournalRequestTimeoutError(verb, timeoutMs, attempts, perf…
     73|     // A caller's cancellation settles this read and drains its queued…
 ❯ Timeout.<anonymous> src/journal-read-policy.ts:82:39

Caused by: Error: journal client: not connected (run.get): journal client: connection closed
 ❯ src/journal-connection.ts:183:16
 ❯ JournalClient.requestOnce src/journal-connection.ts:176:12
 ❯ src/journal-budgeted-reads.ts:60:29
 ❯ src/journal-read-policy.ts:94:18

Caused by: Error: journal client: connection closed
 ❯ Socket.<anonymous> src/journal-connection.ts:89:26

⎯⎯⎯⎯⎯⎯⎯⎯⎯⎯⎯⎯⎯⎯⎯⎯⎯⎯⎯⎯⎯⎯⎯⎯[1/1]⎯

 Test Files  1 failed (1)
      Tests  1 failed | 26 skipped (27)
   Start at  04:25:37
   Duration  1.61s (transform 207ms, setup 25ms, collect 367ms, tests 1.01s, environment 0ms, prepare 59ms)

exit=1

RESTORED SHA256: 668d4d45dd732da1c653985dda4c2c3ddb115dab7462c0c1187c3e820f779b6a
$ cd packages/sdk && npx vitest run tests/journal-client-read-timeout.test.ts -t 'reconnects the reader after it disconnects' --maxWorkers=1 --minWorkers=1

 RUN  v2.1.9 /home/khaliqgant/Projects/AgentWorkforce/flows-worktrees/pr613/packages/sdk

 ✓ tests/journal-client-read-timeout.test.ts (27 tests | 26 skipped) 97ms

 Test Files  1 passed (1)
      Tests  1 passed | 26 skipped (27)
   Start at  04:25:39
   Duration  647ms (transform 202ms, setup 15ms, collect 372ms, tests 97ms, environment 0ms, prepare 48ms)

exit=0
