Source: packages/sdk/src/journal-client.ts
Original SHA256: 7398cebb5ccc218341966f90586a40e862bf1fe85bf31b77684198906f10a329
Replaced:
          if (this.reader === reader) {
            this.reader = undefined;
            this.readerReady = undefined;
          }
          throw error;

With:
          return undefined;


REVERTED
$ cd packages/sdk && npx vitest run tests/journal-client-read-timeout.test.ts -t 'retries a reader setup that timed out' --maxWorkers=1 --minWorkers=1

 RUN  v2.1.9 /home/khaliqgant/Projects/AgentWorkforce/flows-worktrees/pr613/packages/sdk

 ❯ tests/journal-client-read-timeout.test.ts (19 tests | 1 failed | 18 skipped) 74ms
   × retries a reader setup that timed out instead of reading on the primary for good 73ms
     → expected 1 to be 2 // Object.is equality

⎯⎯⎯⎯⎯⎯⎯ Failed Tests 1 ⎯⎯⎯⎯⎯⎯⎯

 FAIL  tests/journal-client-read-timeout.test.ts > retries a reader setup that timed out instead of reading on the primary for good
AssertionError: expected 1 to be 2 // Object.is equality

- Expected
+ Received

- 2
+ 1

 ❯ tests/journal-client-read-timeout.test.ts:203:18
    201|   expect(await client.runGet('run')).toMatchObject({ status: 'complete…
    202|   expect(await client.runGet('run')).toMatchObject({ status: 'complete…
    203|   expect(hellos).toBe(2);
       |                  ^
    204|   expect(served).toHaveLength(2);
    205|   expect(served.every(socket => socket !== primary)).toBe(true);

⎯⎯⎯⎯⎯⎯⎯⎯⎯⎯⎯⎯⎯⎯⎯⎯⎯⎯⎯⎯⎯⎯⎯⎯[1/1]⎯

 Test Files  1 failed (1)
      Tests  1 failed | 18 skipped (19)
   Start at  01:23:48
   Duration  504ms (transform 163ms, setup 17ms, collect 279ms, tests 74ms, environment 0ms, prepare 40ms)

exit=1

RESTORED SHA256: 7398cebb5ccc218341966f90586a40e862bf1fe85bf31b77684198906f10a329
$ cd packages/sdk && npx vitest run tests/journal-client-read-timeout.test.ts -t 'retries a reader setup that timed out' --maxWorkers=1 --minWorkers=1

 RUN  v2.1.9 /home/khaliqgant/Projects/AgentWorkforce/flows-worktrees/pr613/packages/sdk

 ✓ tests/journal-client-read-timeout.test.ts (19 tests | 18 skipped) 67ms

 Test Files  1 passed (1)
      Tests  1 passed | 18 skipped (19)
   Start at  01:23:49
   Duration  515ms (transform 165ms, setup 17ms, collect 286ms, tests 67ms, environment 0ms, prepare 41ms)

exit=0
