Source: packages/sdk/src/cli/running-step.ts
Original SHA256: 2a5f6adeca146e6188ac5e6d129db004e71574cf09df397fd4b9127c50e9b5aa
Replaced:
snapshotRead?.abort(new Error(`step "${runningStep.id}" completed during the lease snapshot`));
With:


REVERTED
$ cd packages/sdk && npx vitest run tests/running-step-watch.test.ts -t 'a completion push ends the wait' --maxWorkers=1 --minWorkers=1

 RUN  v2.1.9 /home/khaliqgant/Projects/AgentWorkforce/flows-worktrees/pr613/packages/sdk

 ❯ tests/running-step-watch.test.ts (14 tests | 1 failed | 13 skipped) 3014ms
   × a completion push ends the wait without waiting out an in-flight snapshot 3013ms
     → expected 'still waiting' to be 'returned' // Object.is equality

⎯⎯⎯⎯⎯⎯⎯ Failed Tests 1 ⎯⎯⎯⎯⎯⎯⎯

 FAIL  tests/running-step-watch.test.ts > a completion push ends the wait without waiting out an in-flight snapshot
AssertionError: expected 'still waiting' to be 'returned' // Object.is equality

Expected: "returned"
Received: "still waiting"

 ❯ tests/running-step-watch.test.ts:152:21
    150|     const waiting = waitForRunningStep(client, 'run', { id: 'step', ty…
    151|     const outcome = await Promise.race([waiting.then(() => 'returned')…
    152|     expect(outcome).toBe('returned');
       |                     ^
    153|     expect(await client.runGet('run', { signal: AbortSignal.timeout(50…
    154|   } finally { client.close(); await new Promise<void>(resolve => serve…

⎯⎯⎯⎯⎯⎯⎯⎯⎯⎯⎯⎯⎯⎯⎯⎯⎯⎯⎯⎯⎯⎯⎯⎯[1/1]⎯

 Test Files  1 failed (1)
      Tests  1 failed | 13 skipped (14)
   Start at  06:16:29
   Duration  3.51s (transform 191ms, setup 16ms, collect 329ms, tests 3.01s, environment 0ms, prepare 41ms)

exit=1

RESTORED SHA256: 2a5f6adeca146e6188ac5e6d129db004e71574cf09df397fd4b9127c50e9b5aa
$ cd packages/sdk && npx vitest run tests/running-step-watch.test.ts -t 'a completion push ends the wait' --maxWorkers=1 --minWorkers=1

 RUN  v2.1.9 /home/khaliqgant/Projects/AgentWorkforce/flows-worktrees/pr613/packages/sdk

 ✓ tests/running-step-watch.test.ts (14 tests | 13 skipped) 2062ms
   ✓ a completion push ends the wait without waiting out an in-flight snapshot 2061ms

 Test Files  1 passed (1)
      Tests  1 passed | 13 skipped (14)
   Start at  06:16:33
   Duration  2.57s (transform 204ms, setup 17ms, collect 350ms, tests 2.06s, environment 0ms, prepare 41ms)

exit=0
