Source: packages/sdk/src/worker-lease.ts
Original SHA256: 44c13f9f61ac13cb8c0f872f4c22b1c212e020d05880ed080ea7205ba6007213
Replaced:
      if (error instanceof JournalRequestTimeoutError && error.verb === 'step.heartbeat') {
        throw new WorkerLeaseLostError('renewal_expired', error.message, { cause: error });
      }

With:


REVERTED
$ cd packages/sdk && npx vitest run tests/heartbeat-timeout.test.ts -t 'a heartbeat timeout' --maxWorkers=1 --minWorkers=1

 RUN  v2.1.9 /home/khaliqgant/Projects/AgentWorkforce/flows-worktrees/pr613/packages/sdk

 ❯ tests/heartbeat-timeout.test.ts (1 test | 1 failed) 22ms
   × a heartbeat timeout is lease loss rather than a worker body failure 22ms
     → expected JournalRequestTimeoutError: journal clien… { …(5) } to be an instance of WorkerLeaseLostError

⎯⎯⎯⎯⎯⎯⎯ Failed Tests 1 ⎯⎯⎯⎯⎯⎯⎯

 FAIL  tests/heartbeat-timeout.test.ts > a heartbeat timeout is lease loss rather than a worker body failure
AssertionError: expected JournalRequestTimeoutError: journal clien… { …(5) } to be an instance of WorkerLeaseLostError
 ❯ tests/heartbeat-timeout.test.ts:16:5
     14|   try {
     15|     await client.connect();
     16|     await expect(withWorkerLease(client, {
       |     ^
     17|       run_id: 'run', step_id: 'step', attempt: 1, step_type: 'agent', …
     18|       lease_id: 'lease', lease_deadline_ms: Date.now() + 30_000, lease…

⎯⎯⎯⎯⎯⎯⎯⎯⎯⎯⎯⎯⎯⎯⎯⎯⎯⎯⎯⎯⎯⎯⎯⎯[1/1]⎯

 Test Files  1 failed (1)
      Tests  1 failed (1)
   Start at  03:46:03
   Duration  535ms (transform 192ms, setup 19ms, collect 333ms, tests 22ms, environment 0ms, prepare 51ms)

exit=1

RESTORED SHA256: 44c13f9f61ac13cb8c0f872f4c22b1c212e020d05880ed080ea7205ba6007213
$ cd packages/sdk && npx vitest run tests/heartbeat-timeout.test.ts -t 'a heartbeat timeout' --maxWorkers=1 --minWorkers=1

 RUN  v2.1.9 /home/khaliqgant/Projects/AgentWorkforce/flows-worktrees/pr613/packages/sdk

 ✓ tests/heartbeat-timeout.test.ts (1 test) 18ms

 Test Files  1 passed (1)
      Tests  1 passed (1)
   Start at  03:46:04
   Duration  563ms (transform 197ms, setup 20ms, collect 350ms, tests 18ms, environment 0ms, prepare 51ms)

exit=0
