Source: packages/sdk/src/cli/running-step.ts
Original SHA256: 2a5f6adeca146e6188ac5e6d129db004e71574cf09df397fd4b9127c50e9b5aa
Replaced:
const signal = options.signal === undefined ? read.signal
        : AbortSignal.any([options.signal, read.signal]);
With:
const signal = read.signal;

REVERTED
$ cd packages/sdk && npx vitest run tests/running-step-watch.test.ts -t 'cancels promptly while a lease snapshot read is in flight' --maxWorkers=1 --minWorkers=1

 RUN  v2.1.9 /home/khaliqgant/Projects/AgentWorkforce/flows-worktrees/pr613/packages/sdk

 ❯ tests/running-step-watch.test.ts (14 tests | 1 failed | 13 skipped) 2218ms
   × cancels promptly while a lease snapshot read is in flight 2217ms
     → expected 'still waiting' to be an instance of Error

⎯⎯⎯⎯⎯⎯⎯ Failed Tests 1 ⎯⎯⎯⎯⎯⎯⎯

 FAIL  tests/running-step-watch.test.ts > cancels promptly while a lease snapshot read is in flight
AssertionError: expected 'still waiting' to be an instance of Error
 ❯ tests/running-step-watch.test.ts:83:21
     81|     controller.abort();
     82|     const settled = await Promise.race([outcome, sleep(200).then(() =>…
     83|     expect(settled).toBeInstanceOf(Error);
       |                     ^
     84|     expect((settled as Error).message).toContain('was canceled');
     85|   } finally { client.close(); await new Promise<void>(resolve => serve…

⎯⎯⎯⎯⎯⎯⎯⎯⎯⎯⎯⎯⎯⎯⎯⎯⎯⎯⎯⎯⎯⎯⎯⎯[1/1]⎯

 Test Files  1 failed (1)
      Tests  1 failed | 13 skipped (14)
   Start at  06:05:48
   Duration  2.71s (transform 191ms, setup 17ms, collect 325ms, tests 2.22s, environment 0ms, prepare 41ms)

exit=1

RESTORED SHA256: 2a5f6adeca146e6188ac5e6d129db004e71574cf09df397fd4b9127c50e9b5aa
$ cd packages/sdk && npx vitest run tests/running-step-watch.test.ts -t 'cancels promptly while a lease snapshot read is in flight' --maxWorkers=1 --minWorkers=1

 RUN  v2.1.9 /home/khaliqgant/Projects/AgentWorkforce/flows-worktrees/pr613/packages/sdk

 ✓ tests/running-step-watch.test.ts (14 tests | 13 skipped) 2011ms
   ✓ cancels promptly while a lease snapshot read is in flight 2010ms

 Test Files  1 passed (1)
      Tests  1 passed | 13 skipped (14)
   Start at  06:05:52
   Duration  2.50s (transform 191ms, setup 16ms, collect 328ms, tests 2.01s, environment 0ms, prepare 41ms)

exit=0
