$ bash scripts/surface-package-gate.sh
# cwd: /home/khaliqgant/Projects/AgentWorkforce/flows-worktrees/pr615; head: c30e9a15 (parent; logs captured from the uncommitted change they accompany)
bun install v1.4.2 (744846f84)

Checked 187 installs across 239 packages (no changes) [4.00ms]
$ tsc
$ bun run build && tsc -p tsconfig.test.json && vitest run
$ tsc

 RUN  v2.1.9 /home/khaliqgant/Projects/AgentWorkforce/flows-worktrees/pr615/packages/surface

 ✓ tests/activity.test.ts (1 test) 2ms
 ✓ tests/helpers.snapshot.test.ts (2 tests) 253ms
 ✓ tests/declined.test.ts (1 test) 2ms
 ✓ tests/done-detail.test.ts (1 test) 2ms
 ✓ tests/triggers-github-events.test.ts (2 tests) 4ms
 ✓ tests/triggers-all-providers.test.ts (4 tests) 41ms
 ✓ tests/slack-block-kit.test.ts (5 tests) 3ms
 ✓ tests/provider-triggers.test.ts (3 tests) 6ms
 ✓ tests/triggers.test.ts (6 tests) 6ms
 ✓ tests/flow.test.ts (24 tests) 9ms
 ✓ tests/schedule.test.ts (7 tests) 7436ms
   ✓ schedule.cron > measures a cron's longest quiet period so a silence budget can be declared honestly 7411ms

 Test Files  11 passed (11)
      Tests  56 passed (56)
   Start at  08:57:27
   Duration  8.10s (transform 806ms, setup 0ms, collect 4.10s, tests 7.76s, environment 2ms, prepare 781ms)

$ tsc -p ../../regressions/tsconfig.json && tsc -p tsconfig.test.json && node scripts/check-generated-helpers.mjs
HELPERS_GENERATED_OK airtable.ts, asana.ts, azure-blob.ts, box.ts, calendly.ts, clickup.ts, clients.ts, cloudflare.ts, confluence.ts, daytona.ts, docker-hub.ts, dropbox.ts, fathom.ts, gcp.ts, gcs.ts, github.ts, gitlab.ts, gmail.ts, google-calendar.ts, google-drive.ts, granola.ts, hubspot.ts, index.ts, intercom.ts, jira.ts, linear.ts, mailgun.ts, mixpanel.ts, neon.ts, notion.ts, onedrive.ts, pipedrive.ts, postgres.ts, posthog.ts, providers.ts, ramp.ts, recall.ts, reddit.ts, redis.ts, s3.ts, salesforce.ts, segment.ts, sendgrid.ts, sharepoint.ts, shopify.ts, shortcut.ts, slack.ts, stripe.ts, teams.ts, telegram.ts, webhook-server.ts, x.ts, zendesk.ts
bun pack v1.4.2 (744846f84)

packed 2.0KB package.json
packed 109.0KB AUTHORING.md
packed 3.27KB README.md
packed 1.62KB dist/activity.d.ts
packed 1.21KB dist/activity.d.ts.map
packed 47B dist/activity.js
packed 108B dist/activity.js.map
packed 3.44KB dist/cloud.d.ts
packed 2.93KB dist/cloud.d.ts.map
packed 44B dist/cloud.js
packed 102B dist/cloud.js.map
packed 1.66KB dist/completion.d.ts
packed 0.52KB dist/completion.d.ts.map
packed 1.43KB dist/completion.js
packed 0.52KB dist/completion.js.map
packed 9.56KB dist/context.d.ts
packed 3.47KB dist/context.d.ts.map
packed 46B dist/context.js
packed 106B dist/context.js.map
packed 1.31KB dist/effect-transport.d.ts
packed 1.40KB dist/effect-transport.d.ts.map
packed 2.0KB dist/effect-transport.js
packed 2.27KB dist/effect-transport.js.map
packed 2.91KB dist/flow.d.ts
packed 2.73KB dist/flow.d.ts.map
packed 11.68KB dist/flow.js
packed 11.85KB dist/flow.js.map
packed 3.32KB dist/helper-clients.d.ts
packed 0.94KB dist/helper-clients.d.ts.map
packed 1.75KB dist/helper-clients.js
packed 1.63KB dist/helper-clients.js.map
packed 265B dist/helpers/airtable.d.ts
packed 281B dist/helpers/airtable.d.ts.map
packed 319B dist/helpers/airtable.js
packed 293B dist/helpers/airtable.js.map
packed 333B dist/helpers/asana.d.ts
packed 348B dist/helpers/asana.d.ts.map
packed 368B dist/helpers/asana.js
packed 329B dist/helpers/asana.js.map
packed 358B dist/helpers/azure-blob.d.ts
packed 357B dist/helpers/azure-blob.d.ts.map
packed 390B dist/helpers/azure-blob.js
packed 340B dist/helpers/azure-blob.js.map
packed 321B dist/helpers/box.d.ts
packed 342B dist/helpers/box.d.ts.map
packed 358B dist/helpers/box.js
packed 323B dist/helpers/box.js.map
packed 351B dist/helpers/calendly.d.ts
packed 354B dist/helpers/calendly.d.ts.map
packed 383B dist/helpers/calendly.js
packed 336B dist/helpers/calendly.js.map
packed 345B dist/helpers/clickup.d.ts
packed 352B dist/helpers/clickup.d.ts.map
packed 378B dist/helpers/clickup.js
packed 334B dist/helpers/clickup.js.map
packed 175B dist/helpers/clients.d.ts
packed 243B dist/helpers/clients.d.ts.map
packed 1.83KB dist/helpers/clients.js
packed 1.48KB dist/helpers/clients.js.map
packed 363B dist/helpers/cloudflare.d.ts
packed 364B dist/helpers/cloudflare.d.ts.map
packed 393B dist/helpers/cloudflare.js
packed 344B dist/helpers/cloudflare.js.map
packed 363B dist/helpers/confluence.d.ts
packed 364B dist/helpers/confluence.d.ts.map
packed 393B dist/helpers/confluence.js
packed 344B dist/helpers/confluence.js.map
packed 345B dist/helpers/daytona.d.ts
packed 352B dist/helpers/daytona.d.ts.map
packed 378B dist/helpers/daytona.js
packed 334B dist/helpers/daytona.js.map
packed 270B dist/helpers/docker-hub.d.ts
packed 285B dist/helpers/docker-hub.d.ts.map
packed 324B dist/helpers/docker-hub.js
packed 297B dist/helpers/docker-hub.js.map
packed 345B dist/helpers/dropbox.d.ts
packed 352B dist/helpers/dropbox.d.ts.map
packed 378B dist/helpers/dropbox.js
packed 334B dist/helpers/dropbox.js.map
packed 257B dist/helpers/fathom.d.ts
packed 277B dist/helpers/fathom.d.ts.map
packed 313B dist/helpers/fathom.js
packed 289B dist/helpers/fathom.js.map
packed 245B dist/helpers/gcp.d.ts
packed 269B dist/helpers/gcp.d.ts.map
packed 304B dist/helpers/gcp.js
packed 280B dist/helpers/gcp.js.map
packed 321B dist/helpers/gcs.d.ts
packed 342B dist/helpers/gcs.d.ts.map
packed 358B dist/helpers/gcs.js
packed 323B dist/helpers/gcs.js.map
packed 335B dist/helpers/github.d.ts
packed 350B dist/helpers/github.d.ts.map
packed 369B dist/helpers/github.js
packed 332B dist/helpers/github.js.map
packed 339B dist/helpers/gitlab.d.ts
packed 350B dist/helpers/gitlab.d.ts.map
packed 373B dist/helpers/gitlab.js
packed 332B dist/helpers/gitlab.js.map
packed 333B dist/helpers/gmail.d.ts
packed 348B dist/helpers/gmail.d.ts.map
packed 368B dist/helpers/gmail.js
packed 329B dist/helpers/gmail.js.map
packed 388B dist/helpers/google-calendar.d.ts
packed 374B dist/helpers/google-calendar.d.ts.map
packed 415B dist/helpers/google-calendar.js
packed 356B dist/helpers/google-calendar.js.map
packed 370B dist/helpers/google-drive.d.ts
packed 368B dist/helpers/google-drive.d.ts.map
packed 400B dist/helpers/google-drive.js
packed 348B dist/helpers/google-drive.js.map
packed 345B dist/helpers/granola.d.ts
packed 352B dist/helpers/granola.d.ts.map
packed 378B dist/helpers/granola.js
packed 334B dist/helpers/granola.js.map
packed 345B dist/helpers/hubspot.d.ts
packed 352B dist/helpers/hubspot.d.ts.map
packed 378B dist/helpers/hubspot.js
packed 334B dist/helpers/hubspot.js.map
packed 6.69KB dist/helpers/index.d.ts
packed 6.0KB dist/helpers/index.d.ts.map
packed 5.12KB dist/helpers/index.js
packed 4.22KB dist/helpers/index.js.map
packed 351B dist/helpers/intercom.d.ts
packed 354B dist/helpers/intercom.d.ts.map
packed 383B dist/helpers/intercom.js
packed 336B dist/helpers/intercom.js.map
packed 327B dist/helpers/jira.d.ts
packed 346B dist/helpers/jira.d.ts.map
packed 363B dist/helpers/jira.js
packed 327B dist/helpers/jira.js.map
packed 339B dist/helpers/linear.d.ts
packed 350B dist/helpers/linear.d.ts.map
packed 373B dist/helpers/linear.js
packed 332B dist/helpers/linear.js.map
packed 345B dist/helpers/mailgun.d.ts
packed 352B dist/helpers/mailgun.d.ts.map
packed 378B dist/helpers/mailgun.js
packed 334B dist/helpers/mailgun.js.map
packed 351B dist/helpers/mixpanel.d.ts
packed 354B dist/helpers/mixpanel.d.ts.map
packed 383B dist/helpers/mixpanel.js
packed 336B dist/helpers/mixpanel.js.map
packed 249B dist/helpers/neon.d.ts
packed 273B dist/helpers/neon.d.ts.map
packed 307B dist/helpers/neon.js
packed 284B dist/helpers/neon.js.map
packed 335B dist/helpers/notion.d.ts
packed 350B dist/helpers/notion.d.ts.map
packed 369B dist/helpers/notion.js
packed 332B dist/helpers/notion.js.map
packed 351B dist/helpers/onedrive.d.ts
packed 354B dist/helpers/onedrive.d.ts.map
packed 383B dist/helpers/onedrive.js
packed 336B dist/helpers/onedrive.js.map
packed 357B dist/helpers/pipedrive.d.ts
packed 355B dist/helpers/pipedrive.d.ts.map
packed 388B dist/helpers/pipedrive.js
packed 338B dist/helpers/pipedrive.js.map
packed 351B dist/helpers/postgres.d.ts
packed 354B dist/helpers/postgres.d.ts.map
packed 383B dist/helpers/postgres.js
packed 336B dist/helpers/postgres.js.map
packed 261B dist/helpers/posthog.d.ts
packed 279B dist/helpers/posthog.d.ts.map
packed 316B dist/helpers/posthog.js
packed 291B dist/helpers/posthog.js.map
packed 11.52KB dist/helpers/providers.d.ts
packed 454B dist/helpers/providers.d.ts.map
packed 13.10KB dist/helpers/providers.js
packed 7.62KB dist/helpers/providers.js.map
packed 327B dist/helpers/ramp.d.ts
packed 346B dist/helpers/ramp.d.ts.map
packed 363B dist/helpers/ramp.js
packed 327B dist/helpers/ramp.js.map
packed 339B dist/helpers/recall.d.ts
packed 350B dist/helpers/recall.d.ts.map
packed 373B dist/helpers/recall.js
packed 332B dist/helpers/recall.js.map
packed 339B dist/helpers/reddit.d.ts
packed 350B dist/helpers/reddit.d.ts.map
packed 373B dist/helpers/reddit.js
packed 332B dist/helpers/reddit.js.map
packed 333B dist/helpers/redis.d.ts
packed 348B dist/helpers/redis.d.ts.map
packed 368B dist/helpers/redis.js
packed 329B dist/helpers/redis.js.map
packed 315B dist/helpers/s3.d.ts
packed 340B dist/helpers/s3.d.ts.map
packed 353B dist/helpers/s3.js
packed 321B dist/helpers/s3.js.map
packed 363B dist/helpers/salesforce.d.ts
packed 364B dist/helpers/salesforce.d.ts.map
packed 393B dist/helpers/salesforce.js
packed 344B dist/helpers/salesforce.js.map
packed 261B dist/helpers/segment.d.ts
packed 279B dist/helpers/segment.d.ts.map
packed 316B dist/helpers/segment.js
packed 291B dist/helpers/segment.js.map
packed 351B dist/helpers/sendgrid.d.ts
packed 354B dist/helpers/sendgrid.d.ts.map
packed 383B dist/helpers/sendgrid.js
packed 336B dist/helpers/sendgrid.js.map
packed 363B dist/helpers/sharepoint.d.ts
packed 364B dist/helpers/sharepoint.d.ts.map
packed 393B dist/helpers/sharepoint.js
packed 344B dist/helpers/sharepoint.js.map
packed 261B dist/helpers/shopify.d.ts
packed 279B dist/helpers/shopify.d.ts.map
packed 316B dist/helpers/shopify.js
packed 291B dist/helpers/shopify.js.map
packed 351B dist/helpers/shortcut.d.ts
packed 354B dist/helpers/shortcut.d.ts.map
packed 383B dist/helpers/shortcut.js
packed 336B dist/helpers/shortcut.js.map
packed 0.82KB dist/helpers/slack.d.ts
packed 0.85KB dist/helpers/slack.d.ts.map
packed 179B dist/helpers/slack.js
packed 137B dist/helpers/slack.js.map
packed 335B dist/helpers/stripe.d.ts
packed 350B dist/helpers/stripe.d.ts.map
packed 369B dist/helpers/stripe.js
packed 332B dist/helpers/stripe.js.map
packed 333B dist/helpers/teams.d.ts
packed 348B dist/helpers/teams.d.ts.map
packed 368B dist/helpers/teams.js
packed 329B dist/helpers/teams.js.map
packed 351B dist/helpers/telegram.d.ts
packed 354B dist/helpers/telegram.d.ts.map
packed 383B dist/helpers/telegram.js
packed 336B dist/helpers/telegram.js.map
packed 286B dist/helpers/webhook-server.d.ts
packed 296B dist/helpers/webhook-server.d.ts.map
packed 336B dist/helpers/webhook-server.js
packed 307B dist/helpers/webhook-server.js.map
packed 237B dist/helpers/x.d.ts
packed 265B dist/helpers/x.d.ts.map
packed 298B dist/helpers/x.js
packed 276B dist/helpers/x.js.map
packed 345B dist/helpers/zendesk.d.ts
packed 352B dist/helpers/zendesk.d.ts.map
packed 378B dist/helpers/zendesk.js
packed 334B dist/helpers/zendesk.js.map
packed 1.84KB dist/index.d.ts
packed 1.46KB dist/index.d.ts.map
packed 469B dist/index.js
packed 439B dist/index.js.map
packed 0.87KB dist/memory.d.ts
packed 0.72KB dist/memory.d.ts.map
packed 45B dist/memory.js
packed 104B dist/memory.js.map
packed 321B dist/plugin-contract.d.ts
packed 363B dist/plugin-contract.d.ts.map
packed 54B dist/plugin-contract.js
packed 122B dist/plugin-contract.js.map
packed 0.76KB dist/provider-trigger.d.ts
packed 0.69KB dist/provider-trigger.d.ts.map
packed 0.81KB dist/provider-trigger.js
packed 0.82KB dist/provider-trigger.js.map
packed 497B dist/runtime.d.ts
packed 478B dist/runtime.d.ts.map
packed 345B dist/runtime.js
packed 362B dist/runtime.js.map
packed 3.95KB dist/schedule.d.ts
packed 1.46KB dist/schedule.d.ts.map
packed 12.75KB dist/schedule.js
packed 12.1KB dist/schedule.js.map
packed 1.47KB dist/slack.d.ts
packed 1.33KB dist/slack.d.ts.map
packed 0.78KB dist/slack.js
packed 0.91KB dist/slack.js.map
packed 2.73KB dist/step.d.ts
packed 1.17KB dist/step.d.ts.map
packed 43B dist/step.js
packed 100B dist/step.js.map
packed 0.83KB dist/triggers.d.ts
packed 0.69KB dist/triggers.d.ts.map
packed 3.58KB dist/triggers.js
packed 3.56KB dist/triggers.js.map
packed 1.27KB dist/triggers/airtable.d.ts
packed 299B dist/triggers/airtable.d.ts.map
packed 1.12KB dist/triggers/airtable.js
packed 1.0KB dist/triggers/airtable.js.map
packed 2.30KB dist/triggers/asana.d.ts
packed 382B dist/triggers/asana.d.ts.map
packed 1.95KB dist/triggers/asana.js
packed 1.76KB dist/triggers/asana.js.map
packed 0.53KB dist/triggers/azure-blob.d.ts
packed 237B dist/triggers/azure-blob.d.ts.map
packed 0.52KB dist/triggers/azure-blob.js
packed 509B dist/triggers/azure-blob.js.map
packed 490B dist/triggers/box.d.ts
packed 223B dist/triggers/box.d.ts.map
packed 482B dist/triggers/box.js
packed 495B dist/triggers/box.js.map
packed 1.81KB dist/triggers/calendly.d.ts
packed 332B dist/triggers/calendly.d.ts.map
packed 1.59KB dist/triggers/calendly.js
packed 1.34KB dist/triggers/calendly.js.map
packed 1.65KB dist/triggers/clickup.d.ts
packed 330B dist/triggers/clickup.d.ts.map
packed 1.43KB dist/triggers/clickup.js
packed 1.30KB dist/triggers/clickup.js.map
packed 1.41KB dist/triggers/cloudflare.d.ts
packed 298B dist/triggers/cloudflare.d.ts.map
packed 1.28KB dist/triggers/cloudflare.js
packed 0.98KB dist/triggers/cloudflare.js.map
packed 0.92KB dist/triggers/confluence.d.ts
packed 270B dist/triggers/confluence.d.ts.map
packed 0.83KB dist/triggers/confluence.js
packed 0.77KB dist/triggers/confluence.js.map
packed 1.1KB dist/triggers/daytona.d.ts
packed 277B dist/triggers/daytona.d.ts.map
packed 0.99KB dist/triggers/daytona.js
packed 0.88KB dist/triggers/daytona.js.map
packed 253B dist/triggers/docker-hub.d.ts
packed 215B dist/triggers/docker-hub.d.ts.map
packed 293B dist/triggers/docker-hub.js
packed 333B dist/triggers/docker-hub.js.map
packed 260B dist/triggers/dropbox.d.ts
packed 209B dist/triggers/dropbox.d.ts.map
packed 300B dist/triggers/dropbox.js
packed 327B dist/triggers/dropbox.js.map
packed 283B dist/triggers/fathom.d.ts
packed 208B dist/triggers/fathom.d.ts.map
packed 323B dist/triggers/fathom.js
packed 329B dist/triggers/fathom.js.map
packed 1.46KB dist/triggers/gcp.d.ts
packed 291B dist/triggers/gcp.d.ts.map
packed 1.31KB dist/triggers/gcp.js
packed 1.1KB dist/triggers/gcp.js.map
packed 490B dist/triggers/gcs.d.ts
packed 223B dist/triggers/gcs.d.ts.map
packed 482B dist/triggers/gcs.js
packed 495B dist/triggers/gcs.js.map
packed 4.10KB dist/triggers/github.d.ts
packed 0.52KB dist/triggers/github.d.ts.map
packed 3.73KB dist/triggers/github.js
packed 3.16KB dist/triggers/github.js.map
packed 6.89KB dist/triggers/gitlab.d.ts
packed 0.79KB dist/triggers/gitlab.d.ts.map
packed 5.68KB dist/triggers/gitlab.js
packed 4.99KB dist/triggers/gitlab.js.map
packed 500B dist/triggers/gmail.d.ts
packed 227B dist/triggers/gmail.d.ts.map
packed 492B dist/triggers/gmail.js
packed 499B dist/triggers/gmail.js.map
packed 0.57KB dist/triggers/google-calendar.d.ts
packed 248B dist/triggers/google-calendar.d.ts.map
packed 0.56KB dist/triggers/google-calendar.js
packed 0.53KB dist/triggers/google-calendar.js.map
packed 0.54KB dist/triggers/google-drive.d.ts
packed 241B dist/triggers/google-drive.d.ts.map
packed 0.53KB dist/triggers/google-drive.js
packed 0.51KB dist/triggers/google-drive.js.map
packed 0.65KB dist/triggers/granola.d.ts
packed 243B dist/triggers/granola.d.ts.map
packed 0.62KB dist/triggers/granola.js
packed 0.60KB dist/triggers/granola.js.map
packed 2.84KB dist/triggers/hubspot.d.ts
packed 423B dist/triggers/hubspot.d.ts.map
packed 2.43KB dist/triggers/hubspot.js
packed 2.0KB dist/triggers/hubspot.js.map
packed 14.93KB dist/triggers/index.d.ts
packed 2.15KB dist/triggers/index.d.ts.map
packed 15.35KB dist/triggers/index.js
packed 10.76KB dist/triggers/index.js.map
packed 2.58KB dist/triggers/intercom.d.ts
packed 398B dist/triggers/intercom.d.ts.map
packed 2.21KB dist/triggers/intercom.js
packed 1.88KB dist/triggers/intercom.js.map
packed 1.65KB dist/triggers/jira.d.ts
packed 324B dist/triggers/jira.d.ts.map
packed 1.42KB dist/triggers/jira.js
packed 1.31KB dist/triggers/jira.js.map
packed 4.80KB dist/triggers/linear.d.ts
packed 0.56KB dist/triggers/linear.d.ts.map
packed 4.1KB dist/triggers/linear.js
packed 3.22KB dist/triggers/linear.js.map
packed 2.1KB dist/triggers/mailgun.d.ts
packed 367B dist/triggers/mailgun.d.ts.map
packed 1.79KB dist/triggers/mailgun.js
packed 1.59KB dist/triggers/mailgun.js.map
packed 1.67KB dist/triggers/mixpanel.d.ts
packed 332B dist/triggers/mixpanel.d.ts.map
packed 1.44KB dist/triggers/mixpanel.js
packed 1.30KB dist/triggers/mixpanel.js.map
packed 0.81KB dist/triggers/neon.d.ts
packed 249B dist/triggers/neon.d.ts.map
packed 0.76KB dist/triggers/neon.js
packed 0.69KB dist/triggers/neon.js.map
packed 1.84KB dist/triggers/notion.d.ts
packed 342B dist/triggers/notion.d.ts.map
packed 1.59KB dist/triggers/notion.js
packed 1.41KB dist/triggers/notion.js.map
packed 0.52KB dist/triggers/onedrive.d.ts
packed 233B dist/triggers/onedrive.d.ts.map
packed 507B dist/triggers/onedrive.js
packed 505B dist/triggers/onedrive.js.map
packed 1.99KB dist/triggers/pipedrive.d.ts
packed 360B dist/triggers/pipedrive.d.ts.map
packed 1.72KB dist/triggers/pipedrive.js
packed 1.50KB dist/triggers/pipedrive.js.map
packed 0.52KB dist/triggers/postgres.d.ts
packed 233B dist/triggers/postgres.d.ts.map
packed 507B dist/triggers/postgres.js
packed 505B dist/triggers/postgres.js.map
packed 427B dist/triggers/posthog.d.ts
packed 220B dist/triggers/posthog.d.ts.map
packed 443B dist/triggers/posthog.js
packed 423B dist/triggers/posthog.js.map
packed 7.1KB dist/triggers/ramp.d.ts
packed 0.73KB dist/triggers/ramp.d.ts.map
packed 6.0KB dist/triggers/ramp.js
packed 4.54KB dist/triggers/ramp.js.map
packed 0.52KB dist/triggers/recall.d.ts
packed 229B dist/triggers/recall.d.ts.map
packed 0.51KB dist/triggers/recall.js
packed 507B dist/triggers/recall.js.map
packed 500B dist/triggers/redis.d.ts
packed 227B dist/triggers/redis.d.ts.map
packed 492B dist/triggers/redis.js
packed 499B dist/triggers/redis.js.map
packed 485B dist/triggers/s3.d.ts
packed 221B dist/triggers/s3.d.ts.map
packed 477B dist/triggers/s3.js
packed 493B dist/triggers/s3.js.map
packed 3.1KB dist/triggers/salesforce.d.ts
packed 447B dist/triggers/salesforce.d.ts.map
packed 2.61KB dist/triggers/salesforce.js
packed 2.22KB dist/triggers/salesforce.js.map
packed 1.65KB dist/triggers/segment.d.ts
packed 331B dist/triggers/segment.d.ts.map
packed 1.42KB dist/triggers/segment.js
packed 1.30KB dist/triggers/segment.js.map
packed 2.36KB dist/triggers/sendgrid.d.ts
packed 389B dist/triggers/sendgrid.d.ts.map
packed 2.0KB dist/triggers/sendgrid.js
packed 1.76KB dist/triggers/sendgrid.js.map
packed 0.53KB dist/triggers/sharepoint.d.ts
packed 237B dist/triggers/sharepoint.d.ts.map
packed 0.52KB dist/triggers/sharepoint.js
packed 509B dist/triggers/sharepoint.js.map
packed 3.26KB dist/triggers/shopify.d.ts
packed 467B dist/triggers/shopify.d.ts.map
packed 2.75KB dist/triggers/shopify.js
packed 2.40KB dist/triggers/shopify.js.map
packed 0.89KB dist/triggers/shortcut.d.ts
packed 266B dist/triggers/shortcut.d.ts.map
packed 0.81KB dist/triggers/shortcut.js
packed 0.77KB dist/triggers/shortcut.js.map
packed 2.79KB dist/triggers/slack.d.ts
packed 429B dist/triggers/slack.d.ts.map
packed 2.47KB dist/triggers/slack.js
packed 2.22KB dist/triggers/slack.js.map
packed 3.1KB dist/triggers/stripe.d.ts
packed 431B dist/triggers/stripe.d.ts.map
packed 2.62KB dist/triggers/stripe.js
packed 2.15KB dist/triggers/stripe.js.map
packed 2.69KB dist/triggers/teams.d.ts
packed 415B dist/triggers/teams.d.ts.map
packed 2.28KB dist/triggers/teams.js
packed 2.0KB dist/triggers/teams.js.map
packed 3.45KB dist/triggers/telegram.d.ts
packed 483B dist/triggers/telegram.d.ts.map
packed 2.91KB dist/triggers/telegram.js
packed 2.50KB dist/triggers/telegram.js.map
packed 1.32KB dist/triggers/zendesk.d.ts
packed 298B dist/triggers/zendesk.d.ts.map
packed 1.17KB dist/triggers/zendesk.js
packed 1.0KB dist/triggers/zendesk.js.map
packed 1.50KB src/activity.ts
packed 2.93KB src/cloud.ts
packed 1.61KB src/completion.ts
packed 9.19KB src/context.ts
packed 3.0KB src/effect-transport.ts
packed 14.24KB src/flow.ts
packed 2.0KB src/helper-clients.ts
packed 3.1KB src/helpers/README.md
packed 437B src/helpers/airtable.ts
packed 487B src/helpers/asana.ts
packed 0.52KB src/helpers/azure-blob.ts
packed 473B src/helpers/box.ts
packed 508B src/helpers/calendly.ts
packed 501B src/helpers/clickup.ts
packed 1.82KB src/helpers/clients.ts
packed 0.52KB src/helpers/cloudflare.ts
packed 0.52KB src/helpers/confluence.ts
packed 501B src/helpers/daytona.ts
packed 442B src/helpers/docker-hub.ts
packed 501B src/helpers/dropbox.ts
packed 429B src/helpers/fathom.ts
packed 417B src/helpers/gcp.ts
packed 473B src/helpers/gcs.ts
packed 490B src/helpers/github.ts
packed 494B src/helpers/gitlab.ts
packed 487B src/helpers/gmail.ts
packed 0.55KB src/helpers/google-calendar.ts
packed 0.53KB src/helpers/google-drive.ts
packed 501B src/helpers/granola.ts
packed 501B src/helpers/hubspot.ts
packed 9.88KB src/helpers/index.ts
packed 508B src/helpers/intercom.ts
packed 480B src/helpers/jira.ts
packed 494B src/helpers/linear.ts
packed 501B src/helpers/mailgun.ts
packed 508B src/helpers/mixpanel.ts
packed 421B src/helpers/neon.ts
packed 490B src/helpers/notion.ts
packed 508B src/helpers/onedrive.ts
packed 0.52KB src/helpers/pipedrive.ts
packed 508B src/helpers/postgres.ts
packed 433B src/helpers/posthog.ts
packed 10.80KB src/helpers/providers.ts
packed 480B src/helpers/ramp.ts
packed 494B src/helpers/recall.ts
packed 494B src/helpers/reddit.ts
packed 487B src/helpers/redis.ts
packed 466B src/helpers/s3.ts
packed 0.52KB src/helpers/salesforce.ts
packed 433B src/helpers/segment.ts
packed 508B src/helpers/sendgrid.ts
packed 0.52KB src/helpers/sharepoint.ts
packed 433B src/helpers/shopify.ts
packed 508B src/helpers/shortcut.ts
packed 0.91KB src/helpers/slack.ts
packed 490B src/helpers/stripe.ts
packed 487B src/helpers/teams.ts
packed 508B src/helpers/telegram.ts
packed 458B src/helpers/webhook-server.ts
packed 409B src/helpers/x.ts
packed 501B src/helpers/zendesk.ts
packed 1.88KB src/index.ts
packed 0.81KB src/memory.ts
packed 277B src/plugin-contract.ts
packed 1.24KB src/provider-trigger.ts
packed 475B src/runtime.ts
packed 13.51KB src/schedule.ts
packed 1.83KB src/slack.ts
packed 2.65KB src/step.ts
packed 4.1KB src/triggers.ts
packed 2.66KB src/triggers/PROVIDERS.md
packed 9.24KB src/triggers/README.md
packed 1.21KB src/triggers/airtable.ts
packed 2.11KB src/triggers/asana.ts
packed 0.56KB src/triggers/azure-blob.ts
packed 0.53KB src/triggers/box.ts
packed 1.71KB src/triggers/calendly.ts
packed 1.54KB src/triggers/clickup.ts
packed 1.36KB src/triggers/cloudflare.ts
packed 0.90KB src/triggers/confluence.ts
packed 1.1KB src/triggers/daytona.ts
packed 318B src/triggers/docker-hub.ts
packed 328B src/triggers/dropbox.ts
packed 352B src/triggers/fathom.ts
packed 1.41KB src/triggers/gcp.ts
packed 0.53KB src/triggers/gcs.ts
packed 3.96KB src/triggers/github.ts
packed 6.13KB src/triggers/gitlab.ts
packed 0.54KB src/triggers/gmail.ts
packed 0.60KB src/triggers/google-calendar.ts
packed 0.57KB src/triggers/google-drive.ts
packed 0.67KB src/triggers/granola.ts
packed 2.61KB src/triggers/hubspot.ts
packed 15.12KB src/triggers/index.ts
packed 2.37KB src/triggers/intercom.ts
packed 1.54KB src/triggers/jira.ts
packed 4.36KB src/triggers/linear.ts
packed 1.93KB src/triggers/mailgun.ts
packed 1.56KB src/triggers/mixpanel.ts
packed 0.82KB src/triggers/neon.ts
packed 1.71KB src/triggers/notion.ts
packed 0.55KB src/triggers/onedrive.ts
packed 1.84KB src/triggers/pipedrive.ts
packed 0.55KB src/triggers/postgres.ts
packed 479B src/triggers/posthog.ts
packed 6.40KB src/triggers/ramp.ts
packed 0.56KB src/triggers/recall.ts
packed 0.54KB src/triggers/redis.ts
packed 0.53KB src/triggers/s3.ts
packed 2.80KB src/triggers/salesforce.ts
packed 1.54KB src/triggers/segment.ts
packed 2.17KB src/triggers/sendgrid.ts
packed 0.56KB src/triggers/sharepoint.ts
packed 2.96KB src/triggers/shopify.ts
packed 0.87KB src/triggers/shortcut.ts
packed 2.64KB src/triggers/slack.ts
packed 2.81KB src/triggers/stripe.ts
packed 2.46KB src/triggers/teams.ts
packed 3.13KB src/triggers/telegram.ts
packed 1.26KB src/triggers/zendesk.ts

/tmp/relayflows-surface-pack.BCVoTY/relayflows-surface-2.0.42.tgz

Total files: 591
Shasum: 20d15bc73c1e5339059a9f378bcc5592df7f3e22
Integrity: sha512-L6XT0cMzZZDhN[...]VRywqQ/jwFY8Q==
Unpacked size: 0.86MB
Packed size: 150.56KB
npm warn deprecated whatwg-encoding@3.1.1: Use @exodus/bytes instead for a more spec-conformant and faster implementation

added 195 packages, and audited 196 packages in 1s

65 packages are looking for funding
  run `npm fund` for details

13 vulnerabilities (6 moderate, 4 high, 3 critical)

To address issues that do not require attention, run:
  npm audit fix

To address all issues (including breaking changes), run:
  npm audit fix --force

Run `npm audit` for details.

changed 1 package, and audited 196 packages in 718ms

65 packages are looking for funding
  run `npm fund` for details

13 vulnerabilities (6 moderate, 4 high, 3 critical)

To address issues that do not require attention, run:
  npm audit fix

To address all issues (including breaking changes), run:
  npm audit fix --force

Run `npm audit` for details.

> @relayflows/sdk@2.0.42 typecheck
> tsc --noEmit && tsc -p tsconfig.type-tests.json

bun add v1.4.2 (744846f84)
Resolving dependencies
Resolved, downloaded and extracted [125]
Saved lockfile

installed @relayflows/surface@/tmp/relayflows-surface-pack.BCVoTY/relayflows-surface-2.0.42.tgz

139 packages installed [1169.00ms]
PACKED_RUNTIME_OK name=packed-runtime-consumer completionReason=success
PACKED_RUNTIME_REFUSAL_OK invalidHeaders=9 forgedHandle=refused
PACKED_TYPESCRIPT_OK

 RUN  v2.1.9 /home/khaliqgant/Projects/AgentWorkforce/flows-worktrees/pr615/packages/sdk

 ✓ tests/authored-flow.test.ts (38 tests) 780ms

 Test Files  1 passed (1)
      Tests  38 passed (38)
   Start at  08:57:47
   Duration  2.11s (transform 660ms, setup 13ms, collect 1.08s, tests 780ms, environment 0ms, prepare 57ms)

# exit: 0
